[    0.000000] Linux version 4.15.0-115-generic (buildd@lgw01-amd64-037) (gcc version 7.5.0 (Ubuntu 7.5.0-3ubuntu1~18.04)) #116-Ubuntu SMP Wed Aug 26 14:04:49 UTC 2020 (Ubuntu 4.15.0-115.116-generic 4.15.18)
[    0.000000] Command line: BOOT_IMAGE=/boot/vmlinuz-4.15.0-115-generic root=LABEL=cloudimg-rootfs ro console=tty1 console=ttyS0
[    0.000000] KERNEL supported cpus:
[    0.000000]   Intel GenuineIntel
[    0.000000]   AMD AuthenticAMD
[    0.000000]   Centaur CentaurHauls
[    0.000000] x86/fpu: x87 FPU will use FXSAVE
[    0.000000] e820: BIOS-provided physical RAM map:
[    0.000000] BIOS-e820: [mem 0x0000000000000000-0x000000000009fbff] usable
[    0.000000] BIOS-e820: [mem 0x000000000009fc00-0x000000000009ffff] reserved
[    0.000000] BIOS-e820: [mem 0x00000000000f0000-0x00000000000fffff] reserved
[    0.000000] BIOS-e820: [mem 0x0000000000100000-0x000000003ffeffff] usable
[    0.000000] BIOS-e820: [mem 0x000000003fff0000-0x000000003fffffff] ACPI data
[    0.000000] BIOS-e820: [mem 0x00000000fec00000-0x00000000fec00fff] reserved
[    0.000000] BIOS-e820: [mem 0x00000000fee00000-0x00000000fee00fff] reserved
[    0.000000] BIOS-e820: [mem 0x00000000fffc0000-0x00000000ffffffff] reserved
[    0.000000] NX (Execute Disable) protection: active
[    0.000000] SMBIOS 2.5 present.
[    0.000000] DMI: innotek GmbH VirtualBox/VirtualBox, BIOS VirtualBox 12/01/2006
[    0.000000] Hypervisor detected: KVM
[    0.000000] e820: last_pfn = 0x3fff0 max_arch_pfn = 0x400000000
[    0.000000] MTRR: Disabled
[    0.000000] x86/PAT: MTRRs disabled, skipping PAT initialization too.
[    0.000000] CPU MTRRs all blank - virtualized system.
[    0.000000] x86/PAT: Configuration [0-7]: WB  WT  UC- UC  WB  WT  UC- UC  
[    0.000000] found SMP MP-table at [mem 0x0009fff0-0x0009ffff]
[    0.000000] Scanning 1 areas for low memory corruption
[    0.000000] RAMDISK: [mem 0x35a67000-0x36d2afff]
[    0.000000] ACPI: Early table checksum verification disabled
[    0.000000] ACPI: RSDP 0x00000000000E0000 000024 (v02 VBOX  )
[    0.000000] ACPI: XSDT 0x000000003FFF0030 00003C (v01 VBOX   VBOXXSDT 00000001 ASL  00000061)
[    0.000000] ACPI: FACP 0x000000003FFF00F0 0000F4 (v04 VBOX   VBOXFACP 00000001 ASL  00000061)
[    0.000000] ACPI: DSDT 0x000000003FFF0470 002325 (v02 VBOX   VBOXBIOS 00000002 INTL 20100528)
[    0.000000] ACPI: FACS 0x000000003FFF0200 000040
[    0.000000] ACPI: FACS 0x000000003FFF0200 000040
[    0.000000] ACPI: APIC 0x000000003FFF0240 00005C (v02 VBOX   VBOXAPIC 00000001 ASL  00000061)
[    0.000000] ACPI: SSDT 0x000000003FFF02A0 0001CC (v01 VBOX   VBOXCPUT 00000002 INTL 20100528)
[    0.000000] No NUMA configuration found
[    0.000000] Faking a node at [mem 0x0000000000000000-0x000000003ffeffff]
[    0.000000] NODE_DATA(0) allocated [mem 0x3ffc5000-0x3ffeffff]
[    0.000000] kvm-clock: cpu 0, msr 0:3ff44001, primary cpu clock
[    0.000000] kvm-clock: Using msrs 4b564d01 and 4b564d00
[    0.000000] kvm-clock: using sched offset of 5142566535 cycles
[    0.000000] clocksource: kvm-clock: mask: 0xffffffffffffffff max_cycles: 0x1cd42e4dffb, max_idle_ns: 881590591483 ns
[    0.000000] Zone ranges:
[    0.000000]   DMA      [mem 0x0000000000001000-0x0000000000ffffff]
[    0.000000]   DMA32    [mem 0x0000000001000000-0x000000003ffeffff]
[    0.000000]   Normal   empty
[    0.000000]   Device   empty
[    0.000000] Movable zone start for each node
[    0.000000] Early memory node ranges
[    0.000000]   node   0: [mem 0x0000000000001000-0x000000000009efff]
[    0.000000]   node   0: [mem 0x0000000000100000-0x000000003ffeffff]
[    0.000000] Reserved but unavailable: 98 pages
[    0.000000] Initmem setup node 0 [mem 0x0000000000001000-0x000000003ffeffff]
[    0.000000] ACPI: PM-Timer IO Port: 0x4008
[    0.000000] IOAPIC[0]: apic_id 2, version 32, address 0xfec00000, GSI 0-23
[    0.000000] ACPI: INT_SRC_OVR (bus 0 bus_irq 0 global_irq 2 dfl dfl)
[    0.000000] ACPI: INT_SRC_OVR (bus 0 bus_irq 9 global_irq 9 low level)
[    0.000000] Using ACPI (MADT) for SMP configuration information
[    0.000000] smpboot: Allowing 2 CPUs, 0 hotplug CPUs
[    0.000000] PM: Registered nosave memory: [mem 0x00000000-0x00000fff]
[    0.000000] PM: Registered nosave memory: [mem 0x0009f000-0x0009ffff]
[    0.000000] PM: Registered nosave memory: [mem 0x000a0000-0x000effff]
[    0.000000] PM: Registered nosave memory: [mem 0x000f0000-0x000fffff]
[    0.000000] e820: [mem 0x40000000-0xfebfffff] available for PCI devices
[    0.000000] Booting paravirtualized kernel on KVM
[    0.000000] clocksource: refined-jiffies: mask: 0xffffffff max_cycles: 0xffffffff, max_idle_ns: 7645519600211568 ns
[    0.000000] random: get_random_bytes called from start_kernel+0x99/0x500 with crng_init=0
[    0.000000] setup_percpu: NR_CPUS:8192 nr_cpumask_bits:2 nr_cpu_ids:2 nr_node_ids:1
[    0.000000] percpu: Embedded 45 pages/cpu s147456 r8192 d28672 u1048576
[    0.000000] PV qspinlock hash table entries: 256 (order: 0, 4096 bytes)
[    0.000000] Built 1 zonelists, mobility grouping on.  Total pages: 257913
[    0.000000] Policy zone: DMA32
[    0.000000] Kernel command line: BOOT_IMAGE=/boot/vmlinuz-4.15.0-115-generic root=LABEL=cloudimg-rootfs ro console=tty1 console=ttyS0
[    0.000000] Memory: 983032K/1048120K available (12300K kernel code, 2481K rwdata, 4272K rodata, 2436K init, 2724K bss, 65088K reserved, 0K cma-reserved)
[    0.000000] SLUB: HWalign=64, Order=0-3, MinObjects=0, CPUs=2, Nodes=1
[    0.000000] Kernel/User page tables isolation: enabled
[    0.000000] ftrace: allocating 39392 entries in 154 pages
[    0.004000] Hierarchical RCU implementation.
[    0.004000] 	RCU restricting CPUs from NR_CPUS=8192 to nr_cpu_ids=2.
[    0.004000] 	Tasks RCU enabled.
[    0.004000] RCU: Adjusting geometry for rcu_fanout_leaf=16, nr_cpu_ids=2
[    0.004000] NR_IRQS: 524544, nr_irqs: 440, preallocated irqs: 16
[    0.004000] Console: colour VGA+ 80x25
[    0.004000] console [tty1] enabled
[    0.004000] console [ttyS0] enabled
[    0.004000] ACPI: Core revision 20170831
[    0.004000] ACPI: 2 ACPI AML tables successfully acquired and loaded
[    0.004000] APIC: Switch to symmetric I/O mode setup
[    0.008000] ..TIMER: vector=0x30 apic1=0 pin1=2 apic2=-1 pin2=-1
[    0.008006] tsc: Detected 2807.998 MHz processor
[    0.012012] Calibrating delay loop (skipped) preset value.. 5615.99 BogoMIPS (lpj=11231992)
[    0.016007] pid_max: default: 32768 minimum: 301
[    0.020078] Security Framework initialized
[    0.024007] Yama: becoming mindful.
[    0.028130] AppArmor: AppArmor initialized
[    0.041103] Dentry cache hash table entries: 131072 (order: 8, 1048576 bytes)
[    0.049966] Inode-cache hash table entries: 65536 (order: 7, 524288 bytes)
[    0.052109] Mount-cache hash table entries: 2048 (order: 2, 16384 bytes)
[    0.056150] Mountpoint-cache hash table entries: 2048 (order: 2, 16384 bytes)
[    0.065115] Last level iTLB entries: 4KB 64, 2MB 8, 4MB 8
[    0.068008] Last level dTLB entries: 4KB 64, 2MB 0, 4MB 0, 1GB 4
[    0.072008] Spectre V1 : Mitigation: usercopy/swapgs barriers and __user pointer sanitization
[    0.076011] Spectre V2 : Mitigation: Full generic retpoline
[    0.080007] Spectre V2 : Spectre v2 / SpectreRSB mitigation: Filling RSB on context switch
[    0.084006] Speculative Store Bypass: Vulnerable
[    0.088044] MDS: Mitigation: Clear CPU buffers
[    0.092195] Freeing SMP alternatives memory: 36K
[    0.210556] smpboot: CPU0: Intel(R) Core(TM) i7-7700HQ CPU @ 2.80GHz (family: 0x6, model: 0x9e, stepping: 0x9)
[    0.212517] Performance Events: unsupported p6 CPU model 158 no PMU driver, software events only.
[    0.216140] Hierarchical SRCU implementation.
[    0.220912] NMI watchdog: Perf event create on CPU 0 failed with -2
[    0.224006] NMI watchdog: Perf NMI watchdog permanently disabled
[    0.228353] smp: Bringing up secondary CPUs ...
[    0.233009] x86: Booting SMP configuration:
[    0.236007] .... node  #0, CPUs:      #1
[    0.004000] kvm-clock: cpu 1, msr 0:3ff44041, secondary cpu clock
[    0.248000] TSC synchronization [CPU#0 -> CPU#1]:
[    0.248000] Measured 55794 cycles TSC warp between CPUs, turning off TSC clock.
[    0.248000] tsc: Marking TSC unstable due to check_tsc_sync_source failed
[    0.252315] smp: Brought up 1 node, 2 CPUs
[    0.256009] smpboot: Max logical packages: 1
[    0.260005] smpboot: Total of 2 processors activated (11231.99 BogoMIPS)
[    0.268120] devtmpfs: initialized
[    0.272137] x86/mm: Memory block size: 128MB
[    0.276394] evm: security.selinux
[    0.279378] evm: security.SMACK64
[    0.280008] evm: security.SMACK64EXEC
[    0.284003] evm: security.SMACK64TRANSMUTE
[    0.288002] evm: security.SMACK64MMAP
[    0.291120] evm: security.apparmor
[    0.292005] evm: security.ima
[    0.296005] evm: security.capability
[    0.304368] clocksource: jiffies: mask: 0xffffffff max_cycles: 0xffffffff, max_idle_ns: 7645041785100000 ns
[    0.308020] futex hash table entries: 512 (order: 3, 32768 bytes)
[    0.316400] pinctrl core: initialized pinctrl subsystem
[    0.320403] RTC time:  5:53:41, date: 09/08/20
[    0.329365] NET: Registered protocol family 16
[    0.332124] audit: initializing netlink subsys (disabled)
[    0.336236] audit: type=2000 audit(1599544426.898:1): state=initialized audit_enabled=0 res=1
[    0.348019] cpuidle: using governor ladder
[    0.352010] cpuidle: using governor menu
[    0.356046] ACPI: bus type PCI registered
[    0.360004] acpiphp: ACPI Hot Plug PCI Controller Driver version: 0.5
[    0.364552] PCI: Using configuration type 1 for base access
[    0.372462] HugeTLB registered 2.00 MiB page size, pre-allocated 0 pages
[    0.384413] ACPI: Added _OSI(Module Device)
[    0.392007] ACPI: Added _OSI(Processor Device)
[    0.400006] ACPI: Added _OSI(3.0 _SCP Extensions)
[    0.404004] ACPI: Added _OSI(Processor Aggregator Device)
[    0.412007] ACPI: Added _OSI(Linux-Dell-Video)
[    0.416008] ACPI: Added _OSI(Linux-Lenovo-NV-HDMI-Audio)
[    0.420004] ACPI: Added _OSI(Linux-HPI-Hybrid-Graphics)
[    0.424705] ACPI: Executed 1 blocks of module-level executable AML code
[    0.436263] ACPI: Interpreter enabled
[    0.439212] ACPI: (supports S0 S5)
[    0.440003] ACPI: Using IOAPIC for interrupt routing
[    0.448362] PCI: Using host bridge windows from ACPI; if necessary, use "pci=nocrs" and report a bug
[    0.452196] ACPI: Enabled 2 GPEs in block 00 to 07
[    0.466157] ACPI: PCI Root Bridge [PCI0] (domain 0000 [bus 00-ff])
[    0.468007] acpi PNP0A03:00: _OSC: OS supports [ASPM ClockPM Segments MSI]
[    0.472766] acpi PNP0A03:00: _OSC: not requesting OS control; OS requires [ExtendedConfig ASPM ClockPM MSI]
[    0.476032] acpi PNP0A03:00: fail to add MMCONFIG information, can't access extended PCI configuration space under this bridge.
[    0.480599] PCI host bridge to bus 0000:00
[    0.484004] pci_bus 0000:00: root bus resource [io  0x0000-0x0cf7 window]
[    0.488009] pci_bus 0000:00: root bus resource [io  0x0d00-0xffff window]
[    0.492005] pci_bus 0000:00: root bus resource [mem 0x000a0000-0x000bffff window]
[    0.496005] pci_bus 0000:00: root bus resource [mem 0x40000000-0xfdffffff window]
[    0.500008] pci_bus 0000:00: root bus resource [bus 00-ff]
[    0.511655] pci 0000:00:01.1: legacy IDE quirk: reg 0x10: [io  0x01f0-0x01f7]
[    0.512007] pci 0000:00:01.1: legacy IDE quirk: reg 0x14: [io  0x03f6]
[    0.516004] pci 0000:00:01.1: legacy IDE quirk: reg 0x18: [io  0x0170-0x0177]
[    0.520003] pci 0000:00:01.1: legacy IDE quirk: reg 0x1c: [io  0x0376]
[    0.597079] pci 0000:00:07.0: quirk: [io  0x4000-0x403f] claimed by PIIX4 ACPI
[    0.608026] pci 0000:00:07.0: quirk: [io  0x4100-0x410f] claimed by PIIX4 SMB
[    0.632373] ACPI: PCI Interrupt Link [LNKA] (IRQs 5 9 10 *11)
[    0.640587] ACPI: PCI Interrupt Link [LNKB] (IRQs 5 9 *10 11)
[    0.656363] ACPI: PCI Interrupt Link [LNKC] (IRQs 5 *9 10 11)
[    0.672249] ACPI: PCI Interrupt Link [LNKD] (IRQs 5 9 10 *11)
[    0.685797] SCSI subsystem initialized
[    0.696266] pci 0000:00:02.0: vgaarb: setting as boot VGA device
[    0.700000] pci 0000:00:02.0: vgaarb: VGA device added: decodes=io+mem,owns=io+mem,locks=none
[    0.724008] pci 0000:00:02.0: vgaarb: bridge control possible
[    0.736004] vgaarb: loaded
[    0.740036] ACPI: bus type USB registered
[    0.748088] usbcore: registered new interface driver usbfs
[    0.756018] usbcore: registered new interface driver hub
[    0.768322] usbcore: registered new device driver usb
[    0.776223] EDAC MC: Ver: 3.0.0
[    0.788285] PCI: Using ACPI for IRQ routing
[    0.796783] NetLabel: Initializing
[    0.804003] NetLabel:  domain hash size = 128
[    0.812003] NetLabel:  protocols = UNLABELED CIPSOv4 CALIPSO
[    0.820047] NetLabel:  unlabeled traffic allowed by default
[    0.836084] clocksource: Switched to clocksource kvm-clock
[    0.903728] VFS: Disk quotas dquot_6.6.0
[    0.908393] VFS: Dquot-cache hash table entries: 512 (order 0, 4096 bytes)
[    0.915193] AppArmor: AppArmor Filesystem Enabled
[    0.920271] pnp: PnP ACPI init
[    0.924206] pnp: PnP ACPI: found 3 devices
[    0.937349] clocksource: acpi_pm: mask: 0xffffff max_cycles: 0xffffff, max_idle_ns: 2085701024 ns
[    0.945386] NET: Registered protocol family 2
[    0.950449] TCP established hash table entries: 8192 (order: 4, 65536 bytes)
[    0.957470] TCP bind hash table entries: 8192 (order: 5, 131072 bytes)
[    0.963991] TCP: Hash tables configured (established 8192 bind 8192)
[    0.974778] UDP hash table entries: 512 (order: 2, 16384 bytes)
[    0.981146] UDP-Lite hash table entries: 512 (order: 2, 16384 bytes)
[    0.986417] NET: Registered protocol family 1
[    0.990605] pci 0000:00:00.0: Limiting direct PCI/PCI transfers
[    0.997363] pci 0000:00:01.0: Activating ISA DMA hang workarounds
[    1.002510] pci 0000:00:02.0: Video device with shadowed ROM at [mem 0x000c0000-0x000dffff]
[    1.010422] Unpacking initramfs...
[    1.652289] Freeing initrd memory: 19216K
[    1.657848] clocksource: tsc: mask: 0xffffffffffffffff max_cycles: 0x2879c456dd4, max_idle_ns: 440795285767 ns
[    1.666807] platform rtc_cmos: registered platform RTC device (no PNP device found)
[    1.674506] Scanning for low memory corruption every 60 seconds
[    1.682682] Initialise system trusted keyrings
[    1.686390] Key type blacklist registered
[    1.690081] workingset: timestamp_bits=36 max_order=18 bucket_order=0
[    1.699414] zbud: loaded
[    1.704401] squashfs: version 4.0 (2009/01/31) Phillip Lougher
[    1.710114] fuse init (API version 7.26)
[    1.735398] Key type asymmetric registered
[    1.739866] Asymmetric key parser 'x509' registered
[    1.745715] Block layer SCSI generic (bsg) driver version 0.4 loaded (major 246)
[    1.753844] io scheduler noop registered
[    1.757143] io scheduler deadline registered
[    1.761021] io scheduler cfq registered (default)
[    1.766603] ACPI: AC Adapter [AC] (on-line)
[    1.771189] input: Power Button as /devices/LNXSYSTM:00/LNXPWRBN:00/input/input0
[    1.780392] ACPI: Power Button [PWRF]
[    1.783665] input: Sleep Button as /devices/LNXSYSTM:00/LNXSLPBN:00/input/input1
[    1.791869] ACPI: Sleep Button [SLPF]
[    1.801923] Serial: 8250/16550 driver, 32 ports, IRQ sharing enabled
[    1.803150] ACPI: Battery Slot [BAT0] (battery present)
[    1.840975] 00:02: ttyS0 at I/O 0x3f8 (irq = 4, base_baud = 115200) is a 16550A
[    1.850812] Linux agpgart interface v0.103
[    1.859116] loop: module loaded
[    1.866183] scsi host0: ata_piix
[    1.870392] scsi host1: ata_piix
[    1.874137] ata1: PATA max UDMA/33 cmd 0x1f0 ctl 0x3f6 bmdma 0xd000 irq 14
[    1.881444] ata2: PATA max UDMA/33 cmd 0x170 ctl 0x376 bmdma 0xd008 irq 15
[    1.887247] libphy: Fixed MDIO Bus: probed
[    1.892279] tun: Universal TUN/TAP device driver, 1.6
[    1.896686] PPP generic driver version 2.4.2
[    1.900994] ehci_hcd: USB 2.0 'Enhanced' Host Controller (EHCI) Driver
[    1.906835] ehci-pci: EHCI PCI platform driver
[    1.911945] ehci-platform: EHCI generic platform driver
[    1.918119] ohci_hcd: USB 1.1 'Open' Host Controller (OHCI) Driver
[    1.924909] ohci-pci: OHCI PCI platform driver
[    1.928800] ohci-platform: OHCI generic platform driver
[    1.933965] uhci_hcd: USB Universal Host Controller Interface driver
[    1.940003] i8042: PNP: PS/2 Controller [PNP0303:PS2K,PNP0f03:PS2M] at 0x60,0x64 irq 1,12
[    1.951025] serio: i8042 KBD port at 0x60,0x64 irq 1
[    1.956007] serio: i8042 AUX port at 0x60,0x64 irq 12
[    1.961458] mousedev: PS/2 mouse device common for all mice
[    1.969531] input: AT Translated Set 2 keyboard as /devices/platform/i8042/serio0/input/input2
[    1.980747] rtc_cmos rtc_cmos: rtc core: registered rtc_cmos as rtc0
[    1.986757] rtc_cmos rtc_cmos: alarms up to one day, 114 bytes nvram
[    1.990283] i2c /dev entries driver
[    1.990283] device-mapper: uevent: version 1.0.3
[    2.000263] device-mapper: ioctl: 4.37.0-ioctl (2017-09-20) initialised: dm-devel@redhat.com
[    2.008297] ledtrig-cpu: registered to indicate activity on CPUs
[    2.017130] NET: Registered protocol family 10
[    2.029937] Segment Routing with IPv6
[    2.033703] NET: Registered protocol family 17
[    2.038262] Key type dns_resolver registered
[    2.042827] mce: Using 0 MCE banks
[    2.048846] RAS: Correctable Errors collector initialized.
[    2.054023] sched_clock: Marking stable (2053971976, 0)->(2817942973, -763970997)
[    2.109230] registered taskstats version 1
[    2.114556] Loading compiled-in X.509 certificates
[    2.125038] Loaded X.509 cert 'Build time autogenerated kernel key: 4655b2c914ed6b33eca2e2b4a955f269ad793254'
[    2.134715] zswap: loaded using pool lzo/zbud
[    2.150107] Key type big_key registered
[    2.153936] Key type trusted registered
[    2.161688] Key type encrypted registered
[    2.165548] AppArmor: AppArmor sha1 policy hashing enabled
[    2.170366] ima: No TPM chip found, activating TPM-bypass! (rc=-19)
[    2.175049] ima: Allocated hash algorithm: sha1
[    2.179190] evm: HMAC attrs: 0x1
[    2.183186]   Magic number: 4:486:870
[    2.187482] rtc_cmos rtc_cmos: setting system clock to 2020-09-08 05:53:43 UTC (1599544423)
[    2.195714] BIOS EDD facility v0.16 2004-Jun-25, 0 devices found
[    2.201998] EDD information not available.
[    2.210679] Freeing unused kernel image memory: 2436K
[    2.228721] Write protecting the kernel read-only data: 20480k
[    2.235423] Freeing unused kernel image memory: 2008K
[    2.241283] Freeing unused kernel image memory: 1872K
[    2.252684] x86/mm: Checked W+X mappings: passed, no W+X pages found.
[    2.259686] x86/mm: Checking user space page tables
[    2.275013] x86/mm: Checked W+X mappings: passed, no W+X pages found.
Loading, please wait...
starting version 237
[    2.407099] e1000: Intel(R) PRO/1000 Network Driver - version 7.3.21-k8-NAPI
[    2.414384] e1000: Copyright (c) 1999-2006 Intel Corporation.
[    2.430574] Fusion MPT base driver 3.04.20
[    2.435140] Copyright (c) 1999-2008 LSI Corporation
[    2.484763] Fusion MPT SPI Host driver 3.04.20
[    2.720766] input: ImExPS/2 Generic Explorer Mouse as /devices/platform/i8042/serio1/input/input4
[    3.808641] e1000 0000:00:03.0 eth0: (PCI:33MHz:32-bit) 02:df:14:00:a4:ed
[    3.814516] e1000 0000:00:03.0 eth0: Intel(R) PRO/1000 Network Connection
[    3.822422] mptbase: ioc0: Initiating bringup
[    3.822588] e1000 0000:00:03.0 enp0s3: renamed from eth0
[    3.934850] ioc0: LSI53C1030 A0: Capabilities={Initiator}
[    4.426219] scsi host2: ioc0: LSI53C1030 A0, FwRev=00000000h, Ports=1, MaxQ=256, IRQ=20
[    5.082082] scsi 2:0:0:0: Direct-Access     VBOX     HARDDISK         1.0  PQ: 0 ANSI: 5
[    6.135271] scsi target2:0:0: Beginning Domain Validation
[    6.149151] scsi target2:0:0: Domain Validation skipping write tests
[    6.154553] scsi target2:0:0: Ending Domain Validation
[    6.159531] scsi target2:0:0: asynchronous
[    6.166798] random: fast init done
[    6.170936] scsi 2:0:1:0: Direct-Access     VBOX     HARDDISK         1.0  PQ: 0 ANSI: 5
[    7.245650] scsi target2:0:1: Beginning Domain Validation
[    7.261896] scsi target2:0:1: Domain Validation skipping write tests
[    7.269022] scsi target2:0:1: Ending Domain Validation
[    7.273963] scsi target2:0:1: asynchronous
[    7.291785] random: systemd-udevd: uninitialized urandom read (16 bytes read)
[    7.298589] random: systemd-udevd: uninitialized urandom read (16 bytes read)
[    7.304300] random: systemd-udevd: uninitialized urandom read (16 bytes read)
[    7.313120] sd 2:0:0:0: Attached scsi generic sg0 type 0
[    7.320255] sd 2:0:0:0: [sda] 20971520 512-byte logical blocks: (10.7 GB/10.0 GiB)
[    7.325909] sd 2:0:0:0: [sda] Write Protect is off
[    7.332705] sd 2:0:0:0: [sda] Incomplete mode parameter data
[    7.332924] sd 2:0:1:0: [sdb] 20480 512-byte logical blocks: (10.5 MB/10.0 MiB)
[    7.337063] sd 2:0:0:0: [sda] Assuming drive cache: write through
[    7.343078] sd 2:0:1:0: [sdb] Write Protect is off
[    7.356194] sd 2:0:1:0: Attached scsi generic sg1 type 0
[    7.362646] sd 2:0:1:0: [sdb] Incomplete mode parameter data
[    7.369603] sd 2:0:1:0: [sdb] Assuming drive cache: write through
[    7.374683]  sda: sda1
[    7.384676] sd 2:0:0:0: [sda] Attached SCSI disk
[    7.395681] sd 2:0:1:0: [sdb] Attached SCSI disk
Begin: Loading essential drivers ... [    9.720290] raid6: sse2x1   gen() 10031 MB/s
[    9.768522] raid6: sse2x1   xor()  7536 MB/s
[    9.816392] raid6: sse2x2   gen() 12733 MB/s
[    9.868189] raid6: sse2x2   xor()  8316 MB/s
[    9.920092] raid6: sse2x4   gen() 14306 MB/s
[    9.968638] raid6: sse2x4   xor()  8587 MB/s
[    9.972655] raid6: using algorithm sse2x4 gen() 14306 MB/s
[    9.977230] raid6: .... xor() 8587 MB/s, rmw enabled
[    9.982040] raid6: using ssse3x2 recovery algorithm
[    9.988757] xor: measuring software checksum speed
[   10.032237]    prefetch64-sse: 19900.000 MB/sec
[   10.072241]    generic_sse: 15775.000 MB/sec
[   10.076220] xor: using function: prefetch64-sse (19900.000 MB/sec)
[   10.083238] async_tx: api initialized (async)
done.
Begin: Running /scripts/init-premount ... done.
Begin: Mounting root file system ... Begin: Running /scripts/local-top ... done.
Begin: Running /scripts/local-premount ... [   10.165500] Btrfs loaded, crc32c=crc32c-intel
Scanning for Btrfs filesystems
done.
Warning: fsck not present, so skipping root file system
[   10.244921] EXT4-fs (sda1): mounted filesystem with ordered data mode. Opts: (null)
done.
Begin: Running /scripts/local-bottom ... done.
Begin: Running /scripts/init-bottom ... done.
[   10.526135] ip_tables: (C) 2000-2006 Netfilter Core Team
[   10.547690] systemd[1]: systemd 237 running in system mode. (+PAM +AUDIT +SELINUX +IMA +APPARMOR +SMACK +SYSVINIT +UTMP +LIBCRYPTSETUP +GCRYPT +GNUTLS +ACL +XZ +LZ4 +SECCOMP +BLKID +ELFUTILS +KMOD -IDN2 +IDN -PCRE2 default-hierarchy=hybrid)
[   10.567327] systemd[1]: Detected virtualization oracle.
[   10.573256] systemd[1]: Detected architecture x86-64.

Welcome to [1mUbuntu 18.04.5 LTS[0m!

[   10.610881] systemd[1]: Set hostname to <ubuntu>.
[   10.623664] systemd[1]: Initializing machine ID from random generator.
[   10.629768] systemd[1]: Installed transient /etc/machine-id file.
[   11.070626] systemd[1]: Reached target User and Group Name Lookups.
[[0;32m  OK  [0m] Reached target User and Group Name Lookups.
[   11.079036] systemd[1]: Started Forward Password Requests to Wall Directory Watch.
[[0;32m  OK  [0m] Started Forward Password Requests to Wall Directory Watch.
[   11.106908] systemd[1]: Created slice System Slice.
[[0;32m  OK  [0m] Created slice System Slice.
[   11.114293] systemd[1]: Listening on LVM2 poll daemon socket.
[[0;32m  OK  [0m] Listening on LVM2 poll daemon socket.
[[0;32m  OK  [0m] Listening on Network Service Netlink Socket.
[[0;32m  OK  [0m] Listening on /dev/initctl Compatibility Named Pipe.
[[0;32m  OK  [0m] Listening on Journal Audit Socket.
[[0;32m  OK  [0m] Listening on Syslog Socket.
[[0;32m  OK  [0m] Listening on Journal Socket (/dev/log).
[[0;32m  OK  [0m] Reached target Swap.
[[0;32m  OK  [0m] Reached target System Time Synchronized.
[[0;32m  OK  [0m] Listening on LVM2 metadata daemon socket.
[[0;32m  OK  [0m] Created slice User and Session Slice.
[[0;32m  OK  [0m] Reached target Slices.
[[0;32m  OK  [0m] Listening on udev Control Socket.
[[0;32m  OK  [0m] Listening on Journal Socket.
         Mounting Kernel Debug File System...
         Mounting POSIX Message Queue File System...
         Starting Journal Service...
         Starting Uncomplicated firewall...
         Mounting Huge Pages File System...
         Starting Load Kernel Modules...
[[0;32m  OK  [0m] Listening on Device-mapper event daemon FIFOs.
         Starting Monitoring of LVM2 mirrorsâ€¦ng dmeventd or progress polling...
[[0;32m  OK  [0m] Listening on udev Kernel Socket.
         Starting udev Coldplug all Devices...
         Starting Set the console keyboard layout...
[[0;32m  OK  [0m] Created slice system-serial\x2dgetty.slice.
         Starting Create list of required stâ€¦ce nodes for the current kernel...
         Starting Remount Root and Kernel File Systems...
[[0;32m  OK  [0m] Set up automount Arbitrary Executabâ€¦rmats File System Automount Point.
[   11.337153] Loading iSCSI transport class v2.0-870.
[[0;32m  OK  [0m] Mounted Kernel Debug File System.
[[0;32m  OK  [0m] Mounted POSIX Message Queue File System.
[[0;32m  OK  [0m] Started Uncomplicated firewall.
[[0;32m  OK  [0m] Mounted Huge Pages File System.
[[0;32m  OK  [0m] Started Create list of required staâ€¦vice nodes for the current kernel.
[[0;32m  OK  [0m] Started LVM2 metadata daemon.
         Starting Create Static Device Nodes in /dev...
[   11.389956] EXT4-fs (sda1): re-mounted. Opts: (null)
[[0;32m  OK  [0m] Started Remount Root and Kernel File Systems.
         Starting Load/Save Random Seed...
[[0;32m  OK  [0m] Started Create Static Device Nodes in /dev.
[[0;32m  OK  [0m] Started udev Coldplug all Devices.
[[0;32m  OK  [0m] Started Journal Service.
         Starting Flush Journal to Persistent Storage...
         Starting udev Kernel Device Manager...
[   11.485883] iscsi: registered transport (tcp)
[[0;32m  OK  [0m] Started Monitoring of LVM2 mirrors,â€¦sing dmeventd or progress polling.
[[0;32m  OK  [0m] Started Load/Save Random Seed.
[   11.561865] systemd-journald[388]: Received request to flush runtime journal from PID 1
[   11.664827] iscsi: registered transport (iser)
[[0;32m  OK  [0m] Started Load Kernel Modules.
         Mounting Kernel Configuration File System...
         Mounting FUSE Control File System...
         Starting Apply Kernel Variables...
[[0;32m  OK  [0m] Mounted Kernel Configuration File System.
[[0;32m  OK  [0m] Started udev Kernel Device Manager.
[[0;32m  OK  [0m] Mounted FUSE Control File System.
[[0;32m  OK  [0m] Started Flush Journal to Persistent Storage.
[[0;32m  OK  [0m] Started Apply Kernel Variables.
[[0;32m  OK  [0m] Found device /dev/ttyS0.
[[0;32m  OK  [0m] Listening on Load/Save RF Kill Switch Status /dev/rfkill Watch.
[[0;32m  OK  [0m] Started Set the console keyboard layout.
[[0;32m  OK  [0m] Reached target Local File Systems (Pre).
[[0;32m  OK  [0m] Reached target Local File Systems.
         Starting Create Volatile Files and Directories...
         Starting AppArmor initialization...
         Starting Commit a transient machine-id on disk...
         Starting Set console font and keymap...
         Starting ebtables ruleset management...
         Starting Tell Plymouth To Write Out Runtime Data...
[[0;32m  OK  [0m] Started Dispatch Password Requests to Console Directory Watch.
[[0;32m  OK  [0m] Reached target Local Encrypted Volumes.
[[0;32m  OK  [0m] Started Create Volatile Files and Directories.
[[0;32m  OK  [0m] Started Set console font and keymap.
[[0;32m  OK  [0m] Started Tell Plymouth To Write Out Runtime Data.
         Starting Update UTMP about System Boot/Shutdown...
[[0;32m  OK  [0m] Started Update UTMP about System Boot/Shutdown.
[[0;32m  OK  [0m] Started Commit a transient machine-id on disk.
[[0;32m  OK  [0m] Started ebtables ruleset management.
[[0;32m  OK  [0m] Started AppArmor initialization.
         Starting Initial cloud-init job (pre-networking)...
         Starting Load AppArmor profiles managed internally by snapd...
[[0;32m  OK  [0m] Started Load AppArmor profiles managed internally by snapd.
[   15.874646] cloud-init[602]: Cloud-init v. 20.2-45-g5f7825e2-0ubuntu1~18.04.1 running 'init-local' at Tue, 08 Sep 2020 05:53:56 +0000. Up 15.33 seconds.
[[0;32m  OK  [0m] Started Initial cloud-init job (pre-networking).
[[0;32m  OK  [0m] Reached target Network (Pre).
         Starting Network Service...
[[0;32m  OK  [0m] Started Network Service.
         Starting Network Name Resolution...
         Starting Wait for Network to be Configured...
[[0;32m  OK  [0m] Started Network Name Resolution.
[[0;32m  OK  [0m] Reached target Network.
[[0;32m  OK  [0m] Reached target Host and Network Name Lookups.
[[0;32m  OK  [0m] Started Wait for Network to be Configured.
         Starting Initial cloud-init job (metadata service crawler)...
[   18.473158] cloud-init[732]: Cloud-init v. 20.2-45-g5f7825e2-0ubuntu1~18.04.1 running 'init' at Tue, 08 Sep 2020 05:53:59 +0000. Up 18.26 seconds.
[   18.480463] cloud-init[732]: ci-info: ++++++++++++++++++++++++++++++++++++++Net device info++++++++++++++++++++++++++++++++++++++
[   18.486869] cloud-init[732]: ci-info: +--------+------+----------------------------+---------------+--------+-------------------+
[   18.490973] cloud-init[732]: ci-info: | Device |  Up  |          Address           |      Mask     | Scope  |     Hw-Address    |
[   18.495159] cloud-init[732]: ci-info: +--------+------+----------------------------+---------------+--------+-------------------+
[   18.501584] cloud-init[732]: ci-info: | enp0s3 | True |         10.0.2.15          | 255.255.255.0 | global | 02:df:14:00:a4:ed |
[   18.505625] cloud-init[732]: ci-info: | enp0s3 | True | fe80::df:14ff:fe00:a4ed/64 |       .       |  link  | 02:df:14:00:a4:ed |
[   18.512661] cloud-init[732]: ci-info: |   lo   | True |         127.0.0.1          |   255.0.0.0   |  host  |         .         |
[   18.520817] cloud-init[732]: ci-info: |   lo   | True |          ::1/128           |       .       |  host  |         .         |
[   18.527879] cloud-init[732]: ci-info: +--------+------+----------------------------+---------------+--------+-------------------+
[   18.537338] cloud-init[732]: ci-info: ++++++++++++++++++++++++++++Route IPv4 info+++++++++++++++++++++++++++++
[   18.544325] cloud-init[732]: ci-info: +-------+-------------+----------+-----------------+-----------+-------+
[   18.552618] cloud-init[732]: ci-info: | Route | Destination | Gateway  |     Genmask     | Interface | Flags |
[   18.559971] cloud-init[732]: ci-info: +-------+-------------+----------+-----------------+-----------+-------+
[   18.568095] cloud-init[732]: ci-info: |   0   |   0.0.0.0   | 10.0.2.2 |     0.0.0.0     |   enp0s3  |   UG  |
[   18.575460] cloud-init[732]: ci-info: |   1   |   10.0.2.0  | 0.0.0.0  |  255.255.255.0  |   enp0s3  |   U   |
[   18.582476] cloud-init[732]: ci-info: |   2   |   10.0.2.2  | 0.0.0.0  | 255.255.255.255 |   enp0s3  |   UH  |
[   18.591279] cloud-init[732]: ci-info: +-------+-------------+----------+-----------------+-----------+-------+
[   18.600425] cloud-init[732]: ci-info: +++++++++++++++++++Route IPv6 info+++++++++++++++++++
[   18.607692] cloud-init[732]: ci-info: +-------+-------------+---------+-----------+-------+
[   18.616569] cloud-init[732]: ci-info: | Route | Destination | Gateway | Interface | Flags |
[   18.626210] cloud-init[732]: ci-info: +-------+-------------+---------+-----------+-------+
[   18.634485] cloud-init[732]: ci-info: |   1   |  fe80::/64  |    ::   |   enp0s3  |   U   |
[   18.641057] cloud-init[732]: ci-info: |   3   |    local    |    ::   |   enp0s3  |   U   |
[   18.648134] cloud-init[732]: ci-info: |   4   |   ff00::/8  |    ::   |   enp0s3  |   U   |
[   18.656943] cloud-init[732]: ci-info: +-------+-------------+---------+-----------+-------+
[   19.493216] cloud-init[732]: Generating public/private rsa key pair.
[   19.499437] cloud-init[732]: Your identification has been saved in /etc/ssh/ssh_host_rsa_key.
[   19.507136] cloud-init[732]: Your public key has been saved in /etc/ssh/ssh_host_rsa_key.pub.
[   19.514326] cloud-init[732]: The key fingerprint is:
[   19.520735] cloud-init[732]: SHA256:G7sYApWMhY0mkXukKCWSlpX44xAQUycyNRWxt41QyYg root@ubuntu-bionic
[   19.527279] cloud-init[732]: The key's randomart image is:
[   19.534256] cloud-init[732]: +---[RSA 2048]----+
[   19.539703] cloud-init[732]: |OBOBB=..         |
[   19.544666] cloud-init[732]: |*OEOo+o          |
[   19.549888] cloud-init[732]: |+O+ * .          |
[   19.556865] cloud-init[732]: |=..+ o +         |
[   19.561769] cloud-init[732]: |..+ . o S        |
[   19.567648] cloud-init[732]: [[0;32m  OK  [0m] Started Initial cloud-init job (metadata service crawler).
[[0;32m  OK  [0m] Reached target Network is Online.
|   o     +       |         Starting Availability of block devices...
[[0;32m  OK  [0m] Reached target Remote File Systems (Pre).
[[0;32m  OK  [0m] Reached target Remote File Systems.
[[0;32m  OK  [0m] Reached target Cloud-config availability.
[[0;32m  OK  [0m] Reached target System Initialization.
[[0;32m  OK  [0m] Started Message of the Day.
[[0;32m  OK  [0m] Started Daily Cleanup of Temporary Directories.

         Starting Socket activation for snappy daemon.
[[0;32m  OK  [0m] Started Discard unused blocks once a week.
[[0;32m  OK  [0m] Listening on D-Bus System Message Bus Socket.
[[0;32m  OK  [0m] Listening on UUID daemon activation socket.
[[0;32m  OK  [0m] Started Daily apt download activities.
[[0;32m  OK  [0m] Started Daily apt upgrade and clean activities.
[[0;32m  OK  [0m] Reached target Timers.
[   19.595042] cloud-init[732]: |    . . o        |
         Starting LXD - unix socket.
[[0;32m  OK  [0m] Listening on ACPID Listen Socket.
[[0;32m  OK  [0m] Listening on Open-iSCSI iscsid Socket.
[   19.624831] cloud-init[732]: |     . o .       |
[[0;32m  OK  [0m] Started ACPI Events Check.
[[0;32m  OK  [0m] Reached target Paths.
[[0;32m  OK  [0m] Started Availability of block devices.
[[0;32m  OK  [0m] Listening on Socket activation for snappy daemon.
[[0;32m  OK  [0m] Listening on LXD - unix socket.
[[0;32m  OK  [0m] Reached target Sockets.
[[0;32m  OK  [0m] Reached target Basic System.
[[0;32m  OK  [0m] Started Deferred execution scheduler.
[   19.638398] cloud-init[732]: |      . .        |
[   19.659982] cloud-init[732]: +----[SHA256]-----+
[   19.665645] cloud-init[732]: Generating public/private dsa key pair.
[[0;32m  OK  [0m] Started irqbalance daemon.
[   19.678760] cloud-init[732]: Your identification has been saved in /etc/ssh/ssh_host_dsa_key.
         Starting Virtualbox guest utils...
[   19.686728] cloud-init[732]: Your public key has been saved in /etc/ssh/ssh_host_dsa_key.pub.
[   19.692011] cloud-init[732]: The key fingerprint is:
[   19.694111] cloud-init[732]: SHA256:6asRn3I4UycgTglvR7d8yCfkAZECLg1Tzt/IujPW4yA root@ubuntu-bionic
[   19.697599] cloud-init[732]: The key's randomart image is:
[   19.699663] cloud-init[732]: +---[DSA 1024]----+
[   19.701458] cloud-init[732]: |o.+.  +++        |
[   19.703076] cloud-init[732]: | B o.o.* +       |
[   19.704988] cloud-init[732]: |. = *.o B o      |
[   19.706827] cloud-init[732]: | . * = . =       |
[   19.708481] cloud-init[732]: |    = o S .      |
[   19.710099] cloud-init[732]: |   .   * +       |
[   19.711978] cloud-init[732]: |E o.  * =        |
         Starting Dispatcher daemon for systemd-networkd...
         Starting Permit User Sessions...
         Starting Pollinate to seed the pseudo random number generator...
[   19.724490]          Starting System Logging Service...
         Starting LSB: automatic crash report generation...
         Starting Login Service...
[[0;32m  OK  [0m] Started FUSE filesystem for LXC.
         Starting LXD - container startup/shutdown...
cloud-init[732]: | .+oo  * .       |
[[0;32m  OK  [0m] Started Regular background program processing daemon.
[   19.752277] cloud-init[732]: | ..+.....        |
[   19.767150] cloud-init[732]: +----[SHA256]-----+
[   19.789751] cloud-init[732]: Generating public/private ecdsa key pair.
[   19.817897] cloud-init[732]: Your identification has been saved in /etc/ssh/ssh_host_ecdsa_key.
[   19.825839] cloud-init[732]: Your public key has been saved in /etc/ssh/ssh_host_ecdsa_key.pub.
[   19.830387] cloud-init[732]: The key fingerprint is:
[   19.833766] cloud-init[732]: SHA256:BqGx/49XvGzgaJZoq88yZjOgWcbv9pVk+CU3tacNBnI root@ubuntu-bionic
[   19.837480] cloud-init[732]: The key's randomart image is:
[   19.840361] cloud-init[732]: +---[ECDSA 256]---+
[   19.842710] cloud-init[732]: |    . .          |
[   19.844740] cloud-init[732]: |     + .         |
[   19.846957] cloud-init[732]: |    o . . E .    |
[   19.849699] cloud-init[732]: |     . o o o .   |
[   19.852389] cloud-init[732]: | .    o S +.+ .  |
[   19.854711] cloud-init[732]: |  =    * =.oo=   |
[   19.856888] cloud-init[732]: | = o   .=+ +...  |
[   19.859051] cloud-init[732]: |o   X.o.=oo +    |
[   19.867288] cloud-init[732]: |   =oX=+....     |
         Starting Snap Daemon...
         Starting LSB: Record successful boot for GRUB...
[[0;32m  OK  [0m] Started D-Bus System Message Bus.
[   19.874510] cloud-init[732]: +----[SHA256]-----+
[   19.893210] cloud-init[732]: Generating public/private ed25519 key pair.
[   19.896379] cloud-init[732]: Your identification has been saved in /etc/ssh/ssh_host_ed25519_key.
[   19.901115] cloud-init[732]: Your public key has been saved in /etc/ssh/ssh_host_ed25519_key.pub.
[   19.904297] cloud-init[732]: The key fingerprint is:
[   19.906464] cloud-init[732]: SHA256:GpmzPJ2VWeFhga6Wzyq3dPuJClw6NFRtZE6jp/5BXfM root@ubuntu-bionic
[   19.909667] cloud-init[732]: The key's randomart image is:
[   19.913022] cloud-init[732]: +--[ED25519 256]--+
[   19.916659] cloud-init[732]: |        .o=.=.   |
[   19.919349] cloud-init[732]: |       . =++ o   |
[   19.921853] cloud-init[732]: |      . .oo o o  |
[   19.924393] cloud-init[732]: |     . o o.= . o |
[   19.926921] cloud-init[732]: |      B So= .   E|
[   19.929564] cloud-init[732]: |     + @++       |
[   19.932478] cloud-init[732]: |      X.=oo      |
[   19.935636] cloud-init[732]: |      .=.oo+ .   |
[   19.941729] cloud-init[732]: |       o+++.o    |
[   19.953360] cloud-init[732]: +----[SHA256]-----+
[[0;32m  OK  [0m] Started Login Service.
[[0;32m  OK  [0m] Started Unattended Upgrades Shutdown.
         Starting Accounts Service...
[[0;32m  OK  [0m] Started System Logging Service.
[[0;32m  OK  [0m] Started Permit User Sessions.
         Starting Terminate Plymouth Boot Screen...
         Starting Hold until boot process finishes up...
[[0;32m  OK  [0m] Started Hold until boot process finishes up.
         Starting Set console scheme...
[[0;32m  OK  [0m] Started Serial Getty on ttyS0.
[[0;32m  OK  [0m] Started Terminate Plymouth Boot Screen.
[[0;32m  OK  [0m] Started Set console scheme.
[[0;32m  OK  [0m] Created slice system-getty.slice.
[[0;32m  OK  [0m] Started Getty on tty1.
[[0;32m  OK  [0m] Reached target Login Prompts.
[[0;32m  OK  [0m] Started LSB: automatic crash report generation.
         Starting Authorization Manager...
[[0;32m  OK  [0m] Started Virtualbox guest utils.
[[0;32m  OK  [0m] Started Authorization Manager.
[[0;32m  OK  [0m] Started Accounts Service.
[[0;32m  OK  [0m] Started LSB: Record successful boot for GRUB.
[[0;32m  OK  [0m] Started LXD - container startup/shutdown.
[[0;32m  OK  [0m] Started Dispatcher daemon for systemd-networkd.
[[0;32m  OK  [0m] Started Snap Daemon.
         Starting Wait until snapd is fully seeded...
[[0;32m  OK  [0m] Started Pollinate to seed the pseudo random number generator.
         Starting OpenBSD Secure Shell server...
[[0;32m  OK  [0m] Started OpenBSD Secure Shell server.
[[0;32m  OK  [0m] Created slice User Slice of vagrant.
         Starting User Manager for UID 1000...
[[0;32m  OK  [0m] Started Session 1 of user vagrant.
[[0;32m  OK  [0m] Started User Manager for UID 1000.
[[0;32m  OK  [0m] Started Wait until snapd is fully seeded.
         Starting Apply the settings specified in cloud-config...
[[0;32m  OK  [0m] Reached target Multi-User System.
[[0;32m  OK  [0m] Reached target Graphical Interface.
         Starting Update UTMP about System Runlevel Changes...
[[0;32m  OK  [0m] Started Update UTMP about System Runlevel Changes.

Ubuntu 18.04.5 LTS ubuntu-bionic ttyS0

ubuntu-bionic login: [   26.207236] cloud-init[1326]: Cloud-init v. 20.2-45-g5f7825e2-0ubuntu1~18.04.1 running 'modules:config' at Tue, 08 Sep 2020 05:54:06 +0000. Up 25.59 seconds.
ci-info: no authorized SSH keys fingerprints found for user ubuntu.
<14>Sep  8 05:54:08 ec2: 
<14>Sep  8 05:54:08 ec2: #############################################################
<14>Sep  8 05:54:08 ec2: -----BEGIN SSH HOST KEY FINGERPRINTS-----
<14>Sep  8 05:54:08 ec2: 1024 SHA256:6asRn3I4UycgTglvR7d8yCfkAZECLg1Tzt/IujPW4yA root@ubuntu-bionic (DSA)
<14>Sep  8 05:54:08 ec2: 256 SHA256:BqGx/49XvGzgaJZoq88yZjOgWcbv9pVk+CU3tacNBnI root@ubuntu-bionic (ECDSA)
<14>Sep  8 05:54:08 ec2: 256 SHA256:GpmzPJ2VWeFhga6Wzyq3dPuJClw6NFRtZE6jp/5BXfM root@ubuntu-bionic (ED25519)
<14>Sep  8 05:54:08 ec2: 2048 SHA256:G7sYApWMhY0mkXukKCWSlpX44xAQUycyNRWxt41QyYg root@ubuntu-bionic (RSA)
<14>Sep  8 05:54:08 ec2: -----END SSH HOST KEY FINGERPRINTS-----
<14>Sep  8 05:54:08 ec2: #############################################################
-----BEGIN SSH HOST KEY KEYS-----
ecdsa-sha2-nistp256 AAAAE2VjZHNhLXNoYTItbmlzdHAyNTYAAAAIbmlzdHAyNTYAAABBBGpCykQKhkoqoa0VySpYBz/n06yMAFAuW7oU5Wlh7wPa8zlEX0WLyHbVWEp2SnkQ7JsBpdJy3bkcpE5OmL6+MIE= root@ubuntu-bionic
ssh-ed25519 AAAAC3NzaC1lZDI1NTE5AAAAIEb0JADYq9cbeuLlNB7rxNnoYX0VJLhuP6Qrtyj1BIvG root@ubuntu-bionic
ssh-rsa AAAAB3NzaC1yc2EAAAADAQABAAABAQDR6i/Jfm1b0k4lKsj7cGDFBiuK2SmQE8xZKp4E0mQHZRf+pxRWzr5PElpdB0J44siF8AdmyxNgtUL2v3JKqlX7AJwcCUOwm4iWmbIGOLy/SRu6eVIK+JkGw9rhm4g3d5w38JabEwGYBP+bY+sMnaH6NtWXpZ/NgY/Tp2Vi1LYb6oBYaE0902LFUxlDBbUCqMsLuDPda5WgWJe1xJLNioC5VFbAM3H+j2EaAcySGrZ79lHtCa6j3KoqwONaP7ZCiYba6kXfOHvx777f/o9l7/r8OozV0LXRRxe3759ZmCuhmS28rIzmgOGLJFnQg+xo2yH4HdqnATxmRJTnYJjrRS+5 root@ubuntu-bionic
-----END SSH HOST KEY KEYS-----
[   26.945116] cloud-init[1484]: Cloud-init v. 20.2-45-g5f7825e2-0ubuntu1~18.04.1 running 'modules:final' at Tue, 08 Sep 2020 05:54:08 +0000. Up 26.72 seconds.
[   26.953119] cloud-init[1484]: ci-info: no authorized SSH keys fingerprints found for user ubuntu.
[   26.958721] cloud-init[1484]: Cloud-init v. 20.2-45-g5f7825e2-0ubuntu1~18.04.1 finished at Tue, 08 Sep 2020 05:54:08 +0000. Datasource DataSourceNoCloud [seed=/dev/sdb][dsmode=net].  Up 26.90 seconds
[ 1884.251183] EXT4-fs error (device sda1): htree_dirblock_to_tree:994: inode #65768: comm updatedb.mlocat: Directory block failed checksum
